Searching built-in plugins in directory C:\Users\thads\.dotnet\tools\.store\docfx\2.77.0\docfx\2.77.0\tools\net8.0\any\...
No files are found with glob pattern .{md,yml}, excluding <none>, under directory "c:\ZebraAIDocs\ZebraAI-Wiki"
7 plug-in(s) loaded.
warning: Ignored duplicate file c:/ZebraAIDocs/ZebraAI-Wiki\wiki/imgs/readme.md.
warning: UnknownContentType: Unable to handle following files: _site/xrefmap.yml. Do they miss `YamlMime` as the first line of file, e.g.: `### YamlMime:ManagedReference`?
Building 94 file(s) in ConceptualDocumentProcessor(BuildConceptualDocument=>ValidateConceptualDocumentMetadata)...
Building 7 file(s) in TocDocumentProcessor(BuildTocDocument)...
Building 147 file(s) in ResourceDocumentProcessor(ValidateResourceMetadata)...
Applying templates to 248 model(s)...
XRef map exported.
c:\ZebraAIDocs\ZebraAI-Wiki\Prompt-Engineering\CreateTrustfulPromptsFrameWork.md(7,1): warning InvalidBookmark: Invalid link: '<a href="#introduction">Introduction</a>'. The file Prompt-Engineering/CreateTrustfulPromptsFrameWork.md doesn't contain a bookmark named 'introduction'.
c:\ZebraAIDocs\ZebraAI-Wiki\Prompt-Engineering\CreateTrustfulPromptsFrameWork.md(8,1): warning InvalidBookmark: Invalid link: '<a href="#prompt-creation-steps">Prompt Creation Steps</a>'. The file Prompt-Engineering/CreateTrustfulPromptsFrameWork.md doesn't contain a bookmark named 'prompt-creation-steps'.
c:\ZebraAIDocs\ZebraAI-Wiki\Prompt-Engineering\CreateTrustfulPromptsFrameWork.md(10,1): warning InvalidBookmark: Invalid link: '<a href="#define-clear-goals-and-scope">Define Clear Goals and Scope</a>'. The file Prompt-Engineering/CreateTrustfulPromptsFrameWork.md doesn't contain a bookmark named 'define-clear-goals-and-scope'.
c:\ZebraAIDocs\ZebraAI-Wiki\Prompt-Engineering\CreateTrustfulPromptsFrameWork.md(11,1): warning InvalidBookmark: Invalid link: '<a href="#general-guidelines-for-prompts">General Guidelines for Prompts</a>'. The file Prompt-Engineering/CreateTrustfulPromptsFrameWork.md doesn't contain a bookmark named 'general-guidelines-for-prompts'.
c:\ZebraAIDocs\ZebraAI-Wiki\Prompt-Engineering\CreateTrustfulPromptsFrameWork.md(12,1): warning InvalidBookmark: Invalid link: '<a href="#create-prompts-using-specific-prompting-techniques">Create Prompts Using Specific Prompting Techniques</a>'. The file Prompt-Engineering/CreateTrustfulPromptsFrameWork.md doesn't contain a bookmark named 'create-prompts-using-specific-prompting-techniques'.
c:\ZebraAIDocs\ZebraAI-Wiki\Prompt-Engineering\CreateTrustfulPromptsFrameWork.md(14,1): warning InvalidBookmark: Invalid link: '<a href="#role-prompting">Role Prompting</a>'. The file Prompt-Engineering/CreateTrustfulPromptsFrameWork.md doesn't contain a bookmark named 'role-prompting'.
c:\ZebraAIDocs\ZebraAI-Wiki\Prompt-Engineering\CreateTrustfulPromptsFrameWork.md(15,1): warning InvalidBookmark: Invalid link: '<a href="#zero-shot-chain-of-thought">Zero-Shot Chain of Thought</a>'. The file Prompt-Engineering/CreateTrustfulPromptsFrameWork.md doesn't contain a bookmark named 'zero-shot-chain-of-thought'.
c:\ZebraAIDocs\ZebraAI-Wiki\Prompt-Engineering\CreateTrustfulPromptsFrameWork.md(16,1): warning InvalidBookmark: Invalid link: '<a href="#few-shot-prompting">Few-Shot Prompting</a>'. The file Prompt-Engineering/CreateTrustfulPromptsFrameWork.md doesn't contain a bookmark named 'few-shot-prompting'.
c:\ZebraAIDocs\ZebraAI-Wiki\Prompt-Engineering\CreateTrustfulPromptsFrameWork.md(17,1): warning InvalidBookmark: Invalid link: '<a href="#use-retrieval-augmented-generation-rag">Use Retrieval-Augmented Generation (RAG)</a>'. The file Prompt-Engineering/CreateTrustfulPromptsFrameWork.md doesn't contain a bookmark named 'use-retrieval-augmented-generation-rag'.
c:\ZebraAIDocs\ZebraAI-Wiki\Prompt-Engineering\CreateTrustfulPromptsFrameWork.md(18,1): warning InvalidBookmark: Invalid link: '<a href="#chain-of-verification-cove-prompting">Chain-of-Verification (CoVe) Prompting</a>'. The file Prompt-Engineering/CreateTrustfulPromptsFrameWork.md doesn't contain a bookmark named 'chain-of-verification-cove-prompting'.
c:\ZebraAIDocs\ZebraAI-Wiki\Prompt-Engineering\CreateTrustfulPromptsFrameWork.md(19,1): warning InvalidBookmark: Invalid link: '<a href="#react-prompting-reasoning--acting">ReAct Prompting (Reasoning + Acting)</a>'. The file Prompt-Engineering/CreateTrustfulPromptsFrameWork.md doesn't contain a bookmark named 'react-prompting-reasoning--acting'.
c:\ZebraAIDocs\ZebraAI-Wiki\Prompt-Engineering\CreateTrustfulPromptsFrameWork.md(20,1): warning InvalidBookmark: Invalid link: '<a href="#chain-of-note-con-prompting">Chain-of-Note (CoN) Prompting</a>'. The file Prompt-Engineering/CreateTrustfulPromptsFrameWork.md doesn't contain a bookmark named 'chain-of-note-con-prompting'.
c:\ZebraAIDocs\ZebraAI-Wiki\Prompt-Engineering\CreateTrustfulPromptsFrameWork.md(21,1): warning InvalidBookmark: Invalid link: '<a href="#chain-of-knowledge-cok-prompting">Chain-of-Knowledge (CoK) Prompting</a>'. The file Prompt-Engineering/CreateTrustfulPromptsFrameWork.md doesn't contain a bookmark named 'chain-of-knowledge-cok-prompting'.
c:\ZebraAIDocs\ZebraAI-Wiki\Prompt-Engineering\CreateTrustfulPromptsFrameWork.md(22,1): warning InvalidBookmark: Invalid link: '<a href="#multi-step-prompting">Multi-Step Prompting</a>'. The file Prompt-Engineering/CreateTrustfulPromptsFrameWork.md doesn't contain a bookmark named 'multi-step-prompting'.
c:\ZebraAIDocs\ZebraAI-Wiki\Prompt-Engineering\CreateTrustfulPromptsFrameWork.md(24,1): warning InvalidBookmark: Invalid link: '<a href="#validation-and-refinement-loop">Validation and Refinement Loop</a>'. The file Prompt-Engineering/CreateTrustfulPromptsFrameWork.md doesn't contain a bookmark named 'validation-and-refinement-loop'.
c:\ZebraAIDocs\ZebraAI-Wiki\Prompt-Engineering\CreateTrustfulPromptsFrameWork.md(25,1): warning InvalidBookmark: Invalid link: '<a href="#prompt-and-analysis-validation">Prompt and Analysis Validation</a>'. The file Prompt-Engineering/CreateTrustfulPromptsFrameWork.md doesn't contain a bookmark named 'prompt-and-analysis-validation'.
c:\ZebraAIDocs\ZebraAI-Wiki\Prompt-Engineering\CreateTrustfulPromptsFrameWork.md(26,1): warning InvalidBookmark: Invalid link: '<a href="#prompt-examples-tips-and-tricks">Prompt Examples (Tips and Tricks)</a>'. The file Prompt-Engineering/CreateTrustfulPromptsFrameWork.md doesn't contain a bookmark named 'prompt-examples-tips-and-tricks'.
c:\ZebraAIDocs\ZebraAI-Wiki\Prompt-Engineering\CreateTrustfulPromptsFrameWork.md(28,1): warning InvalidBookmark: Invalid link: '<a href="#pii">PII</a>'. The file Prompt-Engineering/CreateTrustfulPromptsFrameWork.md doesn't contain a bookmark named 'pii'.
c:\ZebraAIDocs\ZebraAI-Wiki\Prompt-Engineering\CreateTrustfulPromptsFrameWork.md(29,1): warning InvalidBookmark: Invalid link: '<a href="#verbatim-text">Verbatim Text</a>'. The file Prompt-Engineering/CreateTrustfulPromptsFrameWork.md doesn't contain a bookmark named 'verbatim-text'.
c:\ZebraAIDocs\ZebraAI-Wiki\Prompt-Engineering\CreateTrustfulPromptsFrameWork.md(30,1): warning InvalidBookmark: Invalid link: '<a href="#hypothetical-data">Hypothetical Data</a>'. The file Prompt-Engineering/CreateTrustfulPromptsFrameWork.md doesn't contain a bookmark named 'hypothetical-data'.
c:\ZebraAIDocs\ZebraAI-Wiki\Prompt-Engineering\CreateTrustfulPromptsFrameWork.md(31,1): warning InvalidBookmark: Invalid link: '<a href="#prompt-refinement">Prompt Refinement</a>'. The file Prompt-Engineering/CreateTrustfulPromptsFrameWork.md doesn't contain a bookmark named 'prompt-refinement'.
c:\ZebraAIDocs\ZebraAI-Wiki\Prompt-Engineering\CreateTrustfulPromptsFrameWork.md(32,1): warning InvalidBookmark: Invalid link: '<a href="#goal-reminder">Goal reminder</a>'. The file Prompt-Engineering/CreateTrustfulPromptsFrameWork.md doesn't contain a bookmark named 'goal-reminder'.
c:\ZebraAIDocs\ZebraAI-Wiki\Prompt-Engineering\CreateTrustfulPromptsFrameWork.md(33,1): warning InvalidBookmark: Invalid link: '<a href="#highly-effective-instructions-magical-phrases">Highly effective Instructions (Magical Phrases)</a>'. The file Prompt-Engineering/CreateTrustfulPromptsFrameWork.md doesn't contain a bookmark named 'highly-effective-instructions-magical-phrases'.
c:\ZebraAIDocs\ZebraAI-Wiki\Prompt-Engineering\CreateTrustfulPromptsFrameWork.md(35,1): warning InvalidBookmark: Invalid link: '<a href="#quality-control--accuracy">Quality Control &amp; Accuracy</a>'. The file Prompt-Engineering/CreateTrustfulPromptsFrameWork.md doesn't contain a bookmark named 'quality-control--accuracy'.
c:\ZebraAIDocs\ZebraAI-Wiki\Prompt-Engineering\CreateTrustfulPromptsFrameWork.md(36,1): warning InvalidBookmark: Invalid link: '<a href="#refining--improving-output">Refining &amp; Improving Output</a>'. The file Prompt-Engineering/CreateTrustfulPromptsFrameWork.md doesn't contain a bookmark named 'refining--improving-output'.
c:\ZebraAIDocs\ZebraAI-Wiki\Prompt-Engineering\CreateTrustfulPromptsFrameWork.md(37,1): warning InvalidBookmark: Invalid link: '<a href="#creativity--problem-solving">Creativity &amp; Problem-Solving</a>'. The file Prompt-Engineering/CreateTrustfulPromptsFrameWork.md doesn't contain a bookmark named 'creativity--problem-solving'.
c:\ZebraAIDocs\ZebraAI-Wiki\Prompt-Engineering\CreateTrustfulPromptsFrameWork.md(38,1): warning InvalidBookmark: Invalid link: '<a href="#critical-thinking--counterpoints">Critical Thinking &amp; Counterpoints</a>'. The file Prompt-Engineering/CreateTrustfulPromptsFrameWork.md doesn't contain a bookmark named 'critical-thinking--counterpoints'.
c:\ZebraAIDocs\ZebraAI-Wiki\Prompt-Engineering\CreateTrustfulPromptsFrameWork.md(39,1): warning InvalidBookmark: Invalid link: '<a href="#structured-execution--code-generation">Structured Execution &amp; Code Generation</a>'. The file Prompt-Engineering/CreateTrustfulPromptsFrameWork.md doesn't contain a bookmark named 'structured-execution--code-generation'.
c:\ZebraAIDocs\ZebraAI-Wiki\Prompt-Engineering\CreateTrustfulPromptsFrameWork.md(40,1): warning InvalidBookmark: Invalid link: '<a href="#optimization--efficiency">Optimization &amp; Efficiency</a>'. The file Prompt-Engineering/CreateTrustfulPromptsFrameWork.md doesn't contain a bookmark named 'optimization--efficiency'.
c:\ZebraAIDocs\ZebraAI-Wiki\Prompt-Engineering\CreateTrustfulPromptsFrameWork.md(41,1): warning InvalidBookmark: Invalid link: '<a href="#ethical--safety-considerations">Ethical &amp; Safety Considerations</a>'. The file Prompt-Engineering/CreateTrustfulPromptsFrameWork.md doesn't contain a bookmark named 'ethical--safety-considerations'.
c:\ZebraAIDocs\ZebraAI-Wiki\Prompt-Engineering\CreateTrustfulPromptsFrameWork.md(42,1): warning InvalidBookmark: Invalid link: '<a href="#meta-enhancements-for-prompting">Meta-Enhancements for Prompting</a>'. The file Prompt-Engineering/CreateTrustfulPromptsFrameWork.md doesn't contain a bookmark named 'meta-enhancements-for-prompting'.
c:\ZebraAIDocs\ZebraAI-Wiki\Prompt-Engineering\CreateTrustfulPromptsFrameWork.md(44,1): warning InvalidBookmark: Invalid link: '<a href="#other-phrases">Other Phrases</a>'. The file Prompt-Engineering/CreateTrustfulPromptsFrameWork.md doesn't contain a bookmark named 'other-phrases'.
c:\ZebraAIDocs\ZebraAI-Wiki\Prompt-Engineering\CreateTrustfulPromptsFrameWork.md(45,1): warning InvalidBookmark: Invalid link: '<a href="#showcase-your-results">Showcase your Results</a>'. The file Prompt-Engineering/CreateTrustfulPromptsFrameWork.md doesn't contain a bookmark named 'showcase-your-results'.
c:\ZebraAIDocs\ZebraAI-Wiki\Prompt-Engineering\Prompt-Engineering-with-ZebraAI.md(11,1): warning InvalidBookmark: Invalid link: '<a href="#write-clear-and-specific-instruction">Write Clear and Specific Instruction</a>'. The file Prompt-Engineering/Prompt-Engineering-with-ZebraAI.md doesn't contain a bookmark named 'write-clear-and-specific-instruction'.
c:\ZebraAIDocs\ZebraAI-Wiki\Prompt-Engineering\Prompt-Engineering-with-ZebraAI.md(20,1): warning InvalidBookmark: Invalid link: '<a href="#prompt-engineering-frameworks">Prompt Engineering Frameworks</a>'. The file Prompt-Engineering/Prompt-Engineering-with-ZebraAI.md doesn't contain a bookmark named 'prompt-engineering-frameworks'.
c:\ZebraAIDocs\ZebraAI-Wiki\Prompt-Engineering\Prompt-Engineering-with-ZebraAI.md(21,1): warning InvalidBookmark: Invalid link: '<a href="#costar-framework">COSTAR Framework</a>'. The file Prompt-Engineering/Prompt-Engineering-with-ZebraAI.md doesn't contain a bookmark named 'costar-framework'.
c:\ZebraAIDocs\ZebraAI-Wiki\Prompt-Engineering\Prompt-Engineering-with-ZebraAI.md(22,1): warning InvalidBookmark: Invalid link: '<a href="#crispe-framework">CRISPE Framework</a>'. The file Prompt-Engineering/Prompt-Engineering-with-ZebraAI.md doesn't contain a bookmark named 'crispe-framework'.
c:\ZebraAIDocs\ZebraAI-Wiki\Prompt-Engineering\Prompt-Engineering-with-ZebraAI.md(23,1): warning InvalidBookmark: Invalid link: '<a href="#said-framework">SAID Framework</a>'. The file Prompt-Engineering/Prompt-Engineering-with-ZebraAI.md doesn't contain a bookmark named 'said-framework'.
c:\ZebraAIDocs\ZebraAI-Wiki\Prompt-Engineering\Prompt-Engineering-with-ZebraAI.md(24,1): warning InvalidBookmark: Invalid link: '<a href="#prose-framework">PROSE Framework</a>'. The file Prompt-Engineering/Prompt-Engineering-with-ZebraAI.md doesn't contain a bookmark named 'prose-framework'.
c:\ZebraAIDocs\ZebraAI-Wiki\Prompt-Engineering\Prompt-Engineering-with-ZebraAI.md(33,1): warning InvalidBookmark: Invalid link: '<a href="#iterative-follow-up-prompting">Iterative (Follow-up) Prompting</a>'. The file Prompt-Engineering/Prompt-Engineering-with-ZebraAI.md doesn't contain a bookmark named 'iterative-follow-up-prompting'.
c:\ZebraAIDocs\ZebraAI-Wiki\Service-Level-Agreement-for-ZebraAI.md(7,1): warning InvalidBookmark: Invalid link: '<a href="#Introduction">Introduction</a>'. The file Service-Level-Agreement-for-ZebraAI.md doesn't contain a bookmark named 'Introduction'.
c:\ZebraAIDocs\ZebraAI-Wiki\Service-Level-Agreement-for-ZebraAI.md(8,1): warning InvalidBookmark: Invalid link: '<a href="#ZebraAI-Mission">ZebraAI Mission</a>'. The file Service-Level-Agreement-for-ZebraAI.md doesn't contain a bookmark named 'ZebraAI-Mission'.
c:\ZebraAIDocs\ZebraAI-Wiki\Service-Level-Agreement-for-ZebraAI.md(9,1): warning InvalidBookmark: Invalid link: '<a href="#ZebraAI-Vision">ZebraAI Vision</a>'. The file Service-Level-Agreement-for-ZebraAI.md doesn't contain a bookmark named 'ZebraAI-Vision'.
c:\ZebraAIDocs\ZebraAI-Wiki\Service-Level-Agreement-for-ZebraAI.md(10,1): warning InvalidBookmark: Invalid link: '<a href="#Team-Code-Values">Team Core Values</a>'. The file Service-Level-Agreement-for-ZebraAI.md doesn't contain a bookmark named 'Team-Code-Values'.
c:\ZebraAIDocs\ZebraAI-Wiki\Service-Level-Agreement-for-ZebraAI.md(11,1): warning InvalidBookmark: Invalid link: '<a href="#Service-Level-Objectives-(SLO)">Service Level Objectives (SLO)</a>'. The file Service-Level-Agreement-for-ZebraAI.md doesn't contain a bookmark named 'Service-Level-Objectives-(SLO)'.
c:\ZebraAIDocs\ZebraAI-Wiki\Service-Level-Agreement-for-ZebraAI.md(12,1): warning InvalidBookmark: Invalid link: '<a href="#Scope">Scope</a>'. The file Service-Level-Agreement-for-ZebraAI.md doesn't contain a bookmark named 'Scope'.
c:\ZebraAIDocs\ZebraAI-Wiki\Service-Level-Agreement-for-ZebraAI.md(13,1): warning InvalidBookmark: Invalid link: '<a href="#Out-of-Scope">Out of Scope</a>'. The file Service-Level-Agreement-for-ZebraAI.md doesn't contain a bookmark named 'Out-of-Scope'.
c:\ZebraAIDocs\ZebraAI-Wiki\Service-Level-Agreement-for-ZebraAI.md(14,1): warning InvalidBookmark: Invalid link: '<a href="#Service-Overview">Service Overview</a>'. The file Service-Level-Agreement-for-ZebraAI.md doesn't contain a bookmark named 'Service-Overview'.
c:\ZebraAIDocs\ZebraAI-Wiki\Service-Level-Agreement-for-ZebraAI.md(15,1): warning InvalidBookmark: Invalid link: '<a href="#Incident-Priority-Level-Definitions">Incident Priority Level Definitions</a>'. The file Service-Level-Agreement-for-ZebraAI.md doesn't contain a bookmark named 'Incident-Priority-Level-Definitions'.
c:\ZebraAIDocs\ZebraAI-Wiki\Service-Level-Agreement-for-ZebraAI.md(16,1): warning InvalidBookmark: Invalid link: '<a href="#Key-Performance-Indicators-(KPIs)">Key Performance Indicators (KPIs)</a>'. The file Service-Level-Agreement-for-ZebraAI.md doesn't contain a bookmark named 'Key-Performance-Indicators-(KPIs)'.
c:\ZebraAIDocs\ZebraAI-Wiki\Service-Level-Agreement-for-ZebraAI.md(17,1): warning InvalidBookmark: Invalid link: '<a href="#Uptime-Percentage">Uptime Percentage</a>'. The file Service-Level-Agreement-for-ZebraAI.md doesn't contain a bookmark named 'Uptime-Percentage'.
c:\ZebraAIDocs\ZebraAI-Wiki\Service-Level-Agreement-for-ZebraAI.md(18,1): warning InvalidBookmark: Invalid link: '<a href="#Initial-Response-Time">Initial Response Time</a>'. The file Service-Level-Agreement-for-ZebraAI.md doesn't contain a bookmark named 'Initial-Response-Time'.
c:\ZebraAIDocs\ZebraAI-Wiki\Service-Level-Agreement-for-ZebraAI.md(19,1): warning InvalidBookmark: Invalid link: '<a href="#Average-Resolution-Time">Average Resolution Time</a>'. The file Service-Level-Agreement-for-ZebraAI.md doesn't contain a bookmark named 'Average-Resolution-Time'.
c:\ZebraAIDocs\ZebraAI-Wiki\Service-Level-Agreement-for-ZebraAI.md(20,1): warning InvalidBookmark: Invalid link: '<a href="#Data-Availability">Data Availability</a>'. The file Service-Level-Agreement-for-ZebraAI.md doesn't contain a bookmark named 'Data-Availability'.
c:\ZebraAIDocs\ZebraAI-Wiki\Service-Level-Agreement-for-ZebraAI.md(21,1): warning InvalidBookmark: Invalid link: '<a href="#Support-Hours-and-Channels">Support Hours and Channels</a>'. The file Service-Level-Agreement-for-ZebraAI.md doesn't contain a bookmark named 'Support-Hours-and-Channels'.
c:\ZebraAIDocs\ZebraAI-Wiki\Service-Level-Agreement-for-ZebraAI.md(24,1): warning InvalidBookmark: Invalid link: '<a href="#Stakeholders/Users">Stakeholders/Users</a>'. The file Service-Level-Agreement-for-ZebraAI.md doesn't contain a bookmark named 'Stakeholders/Users'.
c:\ZebraAIDocs\ZebraAI-Wiki\Service-Level-Agreement-for-ZebraAI.md(25,1): warning InvalidBookmark: Invalid link: '<a href="#Incident-Management">Incident Management</a>'. The file Service-Level-Agreement-for-ZebraAI.md doesn't contain a bookmark named 'Incident-Management'.
c:\ZebraAIDocs\ZebraAI-Wiki\Service-Level-Agreement-for-ZebraAI.md(26,1): warning InvalidBookmark: Invalid link: '<a href="#Incident-Response-Process">Incident Response Process</a>'. The file Service-Level-Agreement-for-ZebraAI.md doesn't contain a bookmark named 'Incident-Response-Process'.
c:\ZebraAIDocs\ZebraAI-Wiki\Service-Level-Agreement-for-ZebraAI.md(27,1): warning InvalidBookmark: Invalid link: '<a href="#Monitoring-and-Reporting">Monitoring and Reporting</a>'. The file Service-Level-Agreement-for-ZebraAI.md doesn't contain a bookmark named 'Monitoring-and-Reporting'.
c:\ZebraAIDocs\ZebraAI-Wiki\Service-Level-Agreement-for-ZebraAI.md(28,1): warning InvalidBookmark: Invalid link: '<a href="#Automated-Monitoring">Automated Monitoring</a>'. The file Service-Level-Agreement-for-ZebraAI.md doesn't contain a bookmark named 'Automated-Monitoring'.
c:\ZebraAIDocs\ZebraAI-Wiki\Service-Level-Agreement-for-ZebraAI.md(29,1): warning InvalidBookmark: Invalid link: '<a href="#Regular-Reports">Regular Reports</a>'. The file Service-Level-Agreement-for-ZebraAI.md doesn't contain a bookmark named 'Regular-Reports'.
c:\ZebraAIDocs\ZebraAI-Wiki\Service-Level-Agreement-for-ZebraAI.md(30,1): warning InvalidBookmark: Invalid link: '<a href="#Stakeholder-Feedback">Stakeholder Feedback</a>'. The file Service-Level-Agreement-for-ZebraAI.md doesn't contain a bookmark named 'Stakeholder-Feedback'.
c:\ZebraAIDocs\ZebraAI-Wiki\Service-Level-Agreement-for-ZebraAI.md(31,1): warning InvalidBookmark: Invalid link: '<a href="#General-Monitoring">General Monitoring</a>'. The file Service-Level-Agreement-for-ZebraAI.md doesn't contain a bookmark named 'General-Monitoring'.
c:\ZebraAIDocs\ZebraAI-Wiki\Service-Level-Agreement-for-ZebraAI.md(32,1): warning InvalidBookmark: Invalid link: '<a href="#Disaster-Recovery-Procedures">Disaster Recovery Procedures</a>'. The file Service-Level-Agreement-for-ZebraAI.md doesn't contain a bookmark named 'Disaster-Recovery-Procedures'.
c:\ZebraAIDocs\ZebraAI-Wiki\Service-Level-Agreement-for-ZebraAI.md(33,1): warning InvalidBookmark: Invalid link: '<a href="#Backup-and-Data-Recovery">Backup and Data Recovery</a>'. The file Service-Level-Agreement-for-ZebraAI.md doesn't contain a bookmark named 'Backup-and-Data-Recovery'.
c:\ZebraAIDocs\ZebraAI-Wiki\Service-Level-Agreement-for-ZebraAI.md(34,1): warning InvalidBookmark: Invalid link: '<a href="#Recovery-Time-Objective-(RTO)">Recovery Time Objective (RTO)</a>'. The file Service-Level-Agreement-for-ZebraAI.md doesn't contain a bookmark named 'Recovery-Time-Objective-(RTO)'.
c:\ZebraAIDocs\ZebraAI-Wiki\Service-Level-Agreement-for-ZebraAI.md(35,1): warning InvalidBookmark: Invalid link: '<a href="#Recovery-Point-Objective">Recovery Point Objective (RPO)</a>'. The file Service-Level-Agreement-for-ZebraAI.md doesn't contain a bookmark named 'Recovery-Point-Objective'.
c:\ZebraAIDocs\ZebraAI-Wiki\Service-Level-Agreement-for-ZebraAI.md(36,1): warning InvalidBookmark: Invalid link: '<a href="#Security,-Privacy,-and-Compliance">Security, Privacy, and Compliance</a>'. The file Service-Level-Agreement-for-ZebraAI.md doesn't contain a bookmark named 'Security,-Privacy,-and-Compliance'.
c:\ZebraAIDocs\ZebraAI-Wiki\Service-Level-Agreement-for-ZebraAI.md(37,1): warning InvalidBookmark: Invalid link: '<a href="#Regulartory-Compliance">Regulatory Compliance</a>'. The file Service-Level-Agreement-for-ZebraAI.md doesn't contain a bookmark named 'Regulartory-Compliance'.
c:\ZebraAIDocs\ZebraAI-Wiki\Service-Level-Agreement-for-ZebraAI.md(38,1): warning InvalidBookmark: Invalid link: '<a href="#Internal-Policies-and-Procedures">Internal Policies and Procedures</a>'. The file Service-Level-Agreement-for-ZebraAI.md doesn't contain a bookmark named 'Internal-Policies-and-Procedures'.
c:\ZebraAIDocs\ZebraAI-Wiki\Service-Level-Agreement-for-ZebraAI.md(40,1): warning InvalidBookmark: Invalid link: '<a href="#Data-Collection-and-Processing">Data Collection and Processing</a>'. The file Service-Level-Agreement-for-ZebraAI.md doesn't contain a bookmark named 'Data-Collection-and-Processing'.
c:\ZebraAIDocs\ZebraAI-Wiki\Service-Level-Agreement-for-ZebraAI.md(41,1): warning InvalidBookmark: Invalid link: '<a href="#Data-Storage">Data Storage</a>'. The file Service-Level-Agreement-for-ZebraAI.md doesn't contain a bookmark named 'Data-Storage'.
c:\ZebraAIDocs\ZebraAI-Wiki\Service-Level-Agreement-for-ZebraAI.md(43,1): warning InvalidBookmark: Invalid link: '<a href="#Communication-and-Training">Communication and Training</a>'. The file Service-Level-Agreement-for-ZebraAI.md doesn't contain a bookmark named 'Communication-and-Training'.


Build succeeded with warning.

    75 warning(s)
    0 error(s)

